// Jest Snapshot v1, https://goo.gl/fbAQLP

exports[`Testing to <GifGridItem/> should be the same component 1`] = `
<div
  className="card animate__animated animate__fadeIn"
>
  <img
    alt="Naruto"
    src="naruto.jpg"
  />
  <p>
    Naruto
  </p>
</div>
`;
